Component: ARM Compiler 5.05 update 1 (build 106) Tool: armlink [4d0efa]

==============================================================================

Section Cross References

    main.o(.text) refers to gpio.o(.text) for initGPIO
    main.o(.text) refers to delay.o(.text) for delay_init
    main.o(.text) refers to uart.o(.text) for uart_test
    main.o(.text) refers to 8266.o(.text) for do8266
    main.o(.text) refers to main.o(.data) for msCnt
    stm32f10x_it.o(.text) refers to delay.o(.data) for sysClk
    stm32f10x_it.o(.text) refers to main.o(.data) for msCnt
    system_stm32f10x.o(.text) refers to system_stm32f10x.o(.data) for SystemCoreClock
    delay.o(.text) refers to delay.o(.data) for fac_us
    gpio.o(.text) refers to stm32f10x_rcc.o(.text) for RCC_APB2PeriphClockCmd
    gpio.o(.text) refers to stm32f10x_gpio.o(.text) for GPIO_Init
    uart.o(.text) refers to stm32f10x_usart.o(.text) for USART_SendData
    uart.o(.text) refers to stm32f10x_rcc.o(.text) for RCC_APB2PeriphClockCmd
    uart.o(.text) refers to stm32f10x_gpio.o(.text) for GPIO_Init
    uart.o(.text) refers to misc.o(.text) for NVIC_PriorityGroupConfig
    uart.o(.text) refers to 8266.o(.data) for rxPtr
    uart.o(.text) refers to 8266.o(.bss) for rxBuf
    8266.o(.text) refers to memseta.o(.text) for __aeabi_memclr
    8266.o(.text) refers to strstr.o(.text) for strstr
    8266.o(.text) refers to strlen.o(.text) for strlen
    8266.o(.text) refers to strcpy.o(.text) for strcpy
    8266.o(.text) refers to stm32f10x_usart.o(.text) for USART_SendData
    8266.o(.text) refers to delay.o(.text) for delayMs
    8266.o(.text) refers to main.o(.text) for LEDON
    8266.o(.text) refers to 8266.o(.bss) for rxBuf
    8266.o(.text) refers to 8266.o(.data) for rxPtr
    8266.o(.text) refers to delay.o(.data) for sysClk
    8266.o(.text) refers to 8266.o(.conststring) for .conststring
    startup_stm32f10x_hd.o(RESET) refers to startup_stm32f10x_hd.o(STACK) for __initial_sp
    startup_stm32f10x_hd.o(RESET) refers to startup_stm32f10x_hd.o(.text) for Reset_Handler
    startup_stm32f10x_hd.o(RESET) refers to stm32f10x_it.o(.text) for NMI_Handler
    startup_stm32f10x_hd.o(RESET) refers to uart.o(.text) for USART1_IRQHandler
    startup_stm32f10x_hd.o(.text) refers to system_stm32f10x.o(.text) for SystemInit
    startup_stm32f10x_hd.o(.text) refers to entry.o(.ARM.Collect$$$$00000000) for __main
    stm32f10x_gpio.o(.text) refers to stm32f10x_rcc.o(.text) for RCC_APB2PeriphResetCmd
    stm32f10x_rcc.o(.text) refers to stm32f10x_rcc.o(.data) for APBAHBPrescTable
    stm32f10x_usart.o(.text) refers to stm32f10x_rcc.o(.text) for RCC_APB2PeriphResetCmd
    entry.o(.ARM.Collect$$$$00000000) refers (Special) to entry10a.o(.ARM.Collect$$$$0000000D) for __rt_final_cpp
    entry.o(.ARM.Collect$$$$00000000) refers (Special) to entry11a.o(.ARM.Collect$$$$0000000F) for __rt_final_exit
    entry.o(.ARM.Collect$$$$00000000) refers (Special) to entry7b.o(.ARM.Collect$$$$00000008) for _main_clock
    entry.o(.ARM.Collect$$$$00000000) refers (Special) to entry8b.o(.ARM.Collect$$$$0000000A) for _main_cpp_init
    entry.o(.ARM.Collect$$$$00000000) refers (Special) to entry9a.o(.ARM.Collect$$$$0000000B) for _main_init
    entry.o(.ARM.Collect$$$$00000000) refers (Special) to entry5.o(.ARM.Collect$$$$00000004) for _main_scatterload
    entry.o(.ARM.Collect$$$$00000000) refers (Special) to entry2.o(.ARM.Collect$$$$00000001) for _main_stk
    entry2.o(.ARM.Collect$$$$00000001) refers to entry2.o(.ARM.Collect$$$$00002712) for __lit__00000000
    entry2.o(.ARM.Collect$$$$00002712) refers to startup_stm32f10x_hd.o(STACK) for __initial_sp
    entry2.o(__vectab_stack_and_reset_area) refers to startup_stm32f10x_hd.o(STACK) for __initial_sp
    entry2.o(__vectab_stack_and_reset_area) refers to entry.o(.ARM.Collect$$$$00000000) for __main
    entry5.o(.ARM.Collect$$$$00000004) refers to init.o(.text) for __scatterload
    entry9a.o(.ARM.Collect$$$$0000000B) refers to main.o(.text) for main
    entry9b.o(.ARM.Collect$$$$0000000C) refers to main.o(.text) for main
    init.o(.text) refers to entry5.o(.ARM.Collect$$$$00000004) for __main_after_scatterload


==============================================================================

Removing Unused input sections from the image.

    Removing startup_stm32f10x_hd.o(HEAP), (512 bytes).

1 unused section(s) (total 512 bytes) removed from the image.

==============================================================================

Image Symbol Table

    Local Symbols

    Symbol Name                              Value     Ov Type        Size  Object(Section)

    ../clib/microlib/init/entry.s            0x00000000   Number         0  entry8a.o ABSOLUTE
    ../clib/microlib/init/entry.s            0x00000000   Number         0  entry9b.o ABSOLUTE
    ../clib/microlib/init/entry.s            0x00000000   Number         0  entry9a.o ABSOLUTE
    ../clib/microlib/init/entry.s            0x00000000   Number         0  entry7b.o ABSOLUTE
    ../clib/microlib/init/entry.s            0x00000000   Number         0  entry.o ABSOLUTE
    ../clib/microlib/init/entry.s            0x00000000   Number         0  entry8b.o ABSOLUTE
    ../clib/microlib/init/entry.s            0x00000000   Number         0  entry10b.o ABSOLUTE
    ../clib/microlib/init/entry.s            0x00000000   Number         0  entry2.o ABSOLUTE
    ../clib/microlib/init/entry.s            0x00000000   Number         0  entry11b.o ABSOLUTE
    ../clib/microlib/init/entry.s            0x00000000   Number         0  entry5.o ABSOLUTE
    ../clib/microlib/init/entry.s            0x00000000   Number         0  entry7a.o ABSOLUTE
    ../clib/microlib/init/entry.s            0x00000000   Number         0  entry11a.o ABSOLUTE
    ../clib/microlib/init/entry.s            0x00000000   Number         0  entry10a.o ABSOLUTE
    ../clib/microlib/string/memset.c         0x00000000   Number         0  memseta.o ABSOLUTE
    ../clib/microlib/string/strcpy.c         0x00000000   Number         0  strcpy.o ABSOLUTE
    ../clib/microlib/string/strlen.c         0x00000000   Number         0  strlen.o ABSOLUTE
    ../clib/microlib/string/strstr.c         0x00000000   Number         0  strstr.o ABSOLUTE
    ..\STM32F10x_FWLib\core\startup_stm32f10x_hd.s 0x00000000   Number         0  startup_stm32f10x_hd.o ABSOLUTE
    ..\STM32F10x_FWLib\src\misc.c            0x00000000   Number         0  misc.o ABSOLUTE
    ..\STM32F10x_FWLib\src\stm32f10x_gpio.c  0x00000000   Number         0  stm32f10x_gpio.o ABSOLUTE
    ..\STM32F10x_FWLib\src\stm32f10x_rcc.c   0x00000000   Number         0  stm32f10x_rcc.o ABSOLUTE
    ..\STM32F10x_FWLib\src\stm32f10x_usart.c 0x00000000   Number         0  stm32f10x_usart.o ABSOLUTE
    ..\USER\delay\delay.c                    0x00000000   Number         0  delay.o ABSOLUTE
    ..\USER\gpio.c                           0x00000000   Number         0  gpio.o ABSOLUTE
    ..\USER\main.c                           0x00000000   Number         0  main.o ABSOLUTE
    ..\USER\stm32f10x_it.c                   0x00000000   Number         0  stm32f10x_it.o ABSOLUTE
    ..\USER\system_stm32f10x.c               0x00000000   Number         0  system_stm32f10x.o ABSOLUTE
    ..\USER\uart.c                           0x00000000   Number         0  uart.o ABSOLUTE
    8266.c                                   0x00000000   Number         0  8266.o ABSOLUTE
    dc.s                                     0x00000000   Number         0  dc.o ABSOLUTE
    handlers.s                               0x00000000   Number         0  handlers.o ABSOLUTE
    init.s                                   0x00000000   Number         0  init.o ABSOLUTE
    RESET                                    0x08000000   Section      304  startup_stm32f10x_hd.o(RESET)
    .ARM.Collect$$$$00000000                 0x08000130   Section        0  entry.o(.ARM.Collect$$$$00000000)
    .ARM.Collect$$$$00000001                 0x08000130   Section        4  entry2.o(.ARM.Collect$$$$00000001)
    .ARM.Collect$$$$00000004                 0x08000134   Section        4  entry5.o(.ARM.Collect$$$$00000004)
    .ARM.Collect$$$$00000008                 0x08000138   Section        0  entry7b.o(.ARM.Collect$$$$00000008)
    .ARM.Collect$$$$0000000A                 0x08000138   Section        0  entry8b.o(.ARM.Collect$$$$0000000A)
    .ARM.Collect$$$$0000000B                 0x08000138   Section        8  entry9a.o(.ARM.Collect$$$$0000000B)
    .ARM.Collect$$$$0000000D                 0x08000140   Section        0  entry10a.o(.ARM.Collect$$$$0000000D)
    .ARM.Collect$$$$0000000F                 0x08000140   Section        0  entry11a.o(.ARM.Collect$$$$0000000F)
    .ARM.Collect$$$$00002712                 0x08000140   Section        4  entry2.o(.ARM.Collect$$$$00002712)
    __lit__00000000                          0x08000140   Data           4  entry2.o(.ARM.Collect$$$$00002712)
    .text                                    0x08000144   Section        0  main.o(.text)
    .text                                    0x0800018c   Section        0  stm32f10x_it.o(.text)
    .text                                    0x080001c4   Section        0  system_stm32f10x.o(.text)
    SetSysClockTo72                          0x080001c5   Thumb Code   214  system_stm32f10x.o(.text)
    SetSysClock                              0x0800029b   Thumb Code     8  system_stm32f10x.o(.text)
    .text                                    0x080003a4   Section        0  delay.o(.text)
    .text                                    0x080004ac   Section        0  gpio.o(.text)
    .text                                    0x0800055c   Section        0  uart.o(.text)
    .text                                    0x08000694   Section        0  8266.o(.text)
    .text                                    0x08000bcc   Section        0  misc.o(.text)
    .text                                    0x08000ca8   Section       36  startup_stm32f10x_hd.o(.text)
    .text                                    0x08000ccc   Section        0  stm32f10x_gpio.o(.text)
    .text                                    0x08001028   Section        0  stm32f10x_rcc.o(.text)
    .text                                    0x080013cc   Section        0  stm32f10x_usart.o(.text)
    .text                                    0x080017d4   Section        0  memseta.o(.text)
    .text                                    0x080017f8   Section        0  strstr.o(.text)
    .text                                    0x0800181c   Section        0  strlen.o(.text)
    .text                                    0x0800182a   Section        0  strcpy.o(.text)
    .text                                    0x0800183c   Section       36  init.o(.text)
    i.__scatterload_copy                     0x08001860   Section       14  handlers.o(i.__scatterload_copy)
    i.__scatterload_null                     0x0800186e   Section        2  handlers.o(i.__scatterload_null)
    i.__scatterload_zeroinit                 0x08001870   Section       14  handlers.o(i.__scatterload_zeroinit)
    .conststring                             0x08001880   Section       82  8266.o(.conststring)
    .data                                    0x20000000   Section        2  main.o(.data)
    .data                                    0x20000004   Section       20  system_stm32f10x.o(.data)
    .data                                    0x20000018   Section        8  delay.o(.data)
    fac_us                                   0x20000018   Data           1  delay.o(.data)
    fac_ms                                   0x2000001a   Data           2  delay.o(.data)
    .data                                    0x20000020   Section       11  8266.o(.data)
    devOnline                                0x20000029   Data           1  8266.o(.data)
    status                                   0x2000002a   Data           1  8266.o(.data)
    .data                                    0x2000002b   Section       20  stm32f10x_rcc.o(.data)
    APBAHBPrescTable                         0x2000002b   Data          16  stm32f10x_rcc.o(.data)
    ADCPrescTable                            0x2000003b   Data           4  stm32f10x_rcc.o(.data)
    .bss                                     0x20000040   Section      200  8266.o(.bss)
    STACK                                    0x20000108   Section     1024  startup_stm32f10x_hd.o(STACK)

    Global Symbols

    Symbol Name                              Value     Ov Type        Size  Object(Section)

    BuildAttributes$$THM_ISAv4$P$D$K$B$S$PE$A:L22UL41UL21$X:L11$S22US41US21$IEEE1$IW$USESV6$~STKCKD$USESV7$~SHL$OSPACE$EBA8$MICROLIB$REQ8$PRES8$EABIv2 0x00000000   Number         0  anon$$obj.o ABSOLUTE
    __ARM_use_no_argv                        0x00000000   Number         0  main.o ABSOLUTE
    __cpp_initialize__aeabi_                  - Undefined Weak Reference
    __cxa_finalize                            - Undefined Weak Reference
    __decompress                              - Undefined Weak Reference
    _clock_init                               - Undefined Weak Reference
    _microlib_exit                            - Undefined Weak Reference
    __Vectors_Size                           0x00000130   Number         0  startup_stm32f10x_hd.o ABSOLUTE
    __Vectors                                0x08000000   Data           4  startup_stm32f10x_hd.o(RESET)
    __Vectors_End                            0x08000130   Data           0  startup_stm32f10x_hd.o(RESET)
    __main                                   0x08000131   Thumb Code     0  entry.o(.ARM.Collect$$$$00000000)
    _main_stk                                0x08000131   Thumb Code     0  entry2.o(.ARM.Collect$$$$00000001)
    _main_scatterload                        0x08000135   Thumb Code     0  entry5.o(.ARM.Collect$$$$00000004)
    __main_after_scatterload                 0x08000139   Thumb Code     0  entry5.o(.ARM.Collect$$$$00000004)
    _main_clock                              0x08000139   Thumb Code     0  entry7b.o(.ARM.Collect$$$$00000008)
    _main_cpp_init                           0x08000139   Thumb Code     0  entry8b.o(.ARM.Collect$$$$0000000A)
    _main_init                               0x08000139   Thumb Code     0  entry9a.o(.ARM.Collect$$$$0000000B)
    __rt_final_cpp                           0x08000141   Thumb Code     0  entry10a.o(.ARM.Collect$$$$0000000D)
    __rt_final_exit                          0x08000141   Thumb Code     0  entry11a.o(.ARM.Collect$$$$0000000F)
    LEDON                                    0x08000145   Thumb Code     8  main.o(.text)
    LEDOFF                                   0x0800014d   Thumb Code     8  main.o(.text)
    Delay                                    0x08000155   Thumb Code    12  main.o(.text)
    main                                     0x08000161   Thumb Code    36  main.o(.text)
    NMI_Handler                              0x0800018d   Thumb Code     2  stm32f10x_it.o(.text)
    HardFault_Handler                        0x0800018f   Thumb Code     4  stm32f10x_it.o(.text)
    MemManage_Handler                        0x08000193   Thumb Code     4  stm32f10x_it.o(.text)
    BusFault_Handler                         0x08000197   Thumb Code     4  stm32f10x_it.o(.text)
    UsageFault_Handler                       0x0800019b   Thumb Code     4  stm32f10x_it.o(.text)
    SVC_Handler                              0x0800019f   Thumb Code     2  stm32f10x_it.o(.text)
    DebugMon_Handler                         0x080001a1   Thumb Code     2  stm32f10x_it.o(.text)
    PendSV_Handler                           0x080001a3   Thumb Code     2  stm32f10x_it.o(.text)
    SysTick_Handler                          0x080001a5   Thumb Code    22  stm32f10x_it.o(.text)
    SystemInit                               0x080002a3   Thumb Code    78  system_stm32f10x.o(.text)
    SystemCoreClockUpdate                    0x080002f1   Thumb Code   142  system_stm32f10x.o(.text)
    delay_init                               0x080003a5   Thumb Code    74  delay.o(.text)
    delay_us                                 0x080003ef   Thumb Code    72  delay.o(.text)
    delay_ms                                 0x08000437   Thumb Code    72  delay.o(.text)
    delayMs                                  0x0800047f   Thumb Code    20  delay.o(.text)
    initGPIO                                 0x080004ad   Thumb Code    60  gpio.o(.text)
    initGPIOReg                              0x080004e9   Thumb Code   104  gpio.o(.text)
    fputc                                    0x0800055d   Thumb Code    32  uart.o(.text)
    uart_test                                0x0800057d   Thumb Code   184  uart.o(.text)
    USART1_IRQHandler                        0x08000635   Thumb Code    80  uart.o(.text)
    clearMsg                                 0x08000695   Thumb Code    74  8266.o(.text)
    uartSend                                 0x080006df   Thumb Code    44  8266.o(.text)
    queryString                              0x0800070b   Thumb Code    52  8266.o(.text)
    queryString2                             0x0800073f   Thumb Code    48  8266.o(.text)
    waitAck                                  0x0800076f   Thumb Code    86  8266.o(.text)
    initWIFI                                 0x080007c5   Thumb Code    52  8266.o(.text)
    sendMsg                                  0x080007f9   Thumb Code   118  8266.o(.text)
    do8266                                   0x0800086f   Thumb Code   452  8266.o(.text)
    NVIC_PriorityGroupConfig                 0x08000bcd   Thumb Code    10  misc.o(.text)
    NVIC_Init                                0x08000bd7   Thumb Code   100  misc.o(.text)
    NVIC_SetVectorTable                      0x08000c3b   Thumb Code    14  misc.o(.text)
    NVIC_SystemLPConfig                      0x08000c49   Thumb Code    34  misc.o(.text)
    SysTick_CLKSourceConfig                  0x08000c6b   Thumb Code    40  misc.o(.text)
    Reset_Handler                            0x08000ca9   Thumb Code     8  startup_stm32f10x_hd.o(.text)
    ADC1_2_IRQHandler                        0x08000cc3   Thumb Code     0  startup_stm32f10x_hd.o(.text)
    ADC3_IRQHandler                          0x08000cc3   Thumb Code     0  startup_stm32f10x_hd.o(.text)
    CAN1_RX1_IRQHandler                      0x08000cc3   Thumb Code     0  startup_stm32f10x_hd.o(.text)
    CAN1_SCE_IRQHandler                      0x08000cc3   Thumb Code     0  startup_stm32f10x_hd.o(.text)
    DMA1_Channel1_IRQHandler                 0x08000cc3   Thumb Code     0  startup_stm32f10x_hd.o(.text)
    DMA1_Channel2_IRQHandler                 0x08000cc3   Thumb Code     0  startup_stm32f10x_hd.o(.text)
    DMA1_Channel3_IRQHandler                 0x08000cc3   Thumb Code     0  startup_stm32f10x_hd.o(.text)
    DMA1_Channel4_IRQHandler                 0x08000cc3   Thumb Code     0  startup_stm32f10x_hd.o(.text)
    DMA1_Channel5_IRQHandler                 0x08000cc3   Thumb Code     0  startup_stm32f10x_hd.o(.text)
    DMA1_Channel6_IRQHandler                 0x08000cc3   Thumb Code     0  startup_stm32f10x_hd.o(.text)
    DMA1_Channel7_IRQHandler                 0x08000cc3   Thumb Code     0  startup_stm32f10x_hd.o(.text)
    DMA2_Channel1_IRQHandler                 0x08000cc3   Thumb Code     0  startup_stm32f10x_hd.o(.text)
    DMA2_Channel2_IRQHandler                 0x08000cc3   Thumb Code     0  startup_stm32f10x_hd.o(.text)
    DMA2_Channel3_IRQHandler                 0x08000cc3   Thumb Code     0  startup_stm32f10x_hd.o(.text)
    DMA2_Channel4_5_IRQHandler               0x08000cc3   Thumb Code     0  startup_stm32f10x_hd.o(.text)
    EXTI0_IRQHandler                         0x08000cc3   Thumb Code     0  startup_stm32f10x_hd.o(.text)
    EXTI15_10_IRQHandler                     0x08000cc3   Thumb Code     0  startup_stm32f10x_hd.o(.text)
    EXTI1_IRQHandler                         0x08000cc3   Thumb Code     0  startup_stm32f10x_hd.o(.text)
    EXTI2_IRQHandler                         0x08000cc3   Thumb Code     0  startup_stm32f10x_hd.o(.text)
    EXTI3_IRQHandler                         0x08000cc3   Thumb Code     0  startup_stm32f10x_hd.o(.text)
    EXTI4_IRQHandler                         0x08000cc3   Thumb Code     0  startup_stm32f10x_hd.o(.text)
    EXTI9_5_IRQHandler                       0x08000cc3   Thumb Code     0  startup_stm32f10x_hd.o(.text)
    FLASH_IRQHandler                         0x08000cc3   Thumb Code     0  startup_stm32f10x_hd.o(.text)
    FSMC_IRQHandler                          0x08000cc3   Thumb Code     0  startup_stm32f10x_hd.o(.text)
    I2C1_ER_IRQHandler                       0x08000cc3   Thumb Code     0  startup_stm32f10x_hd.o(.text)
    I2C1_EV_IRQHandler                       0x08000cc3   Thumb Code     0  startup_stm32f10x_hd.o(.text)
    I2C2_ER_IRQHandler                       0x08000cc3   Thumb Code     0  startup_stm32f10x_hd.o(.text)
    I2C2_EV_IRQHandler                       0x08000cc3   Thumb Code     0  startup_stm32f10x_hd.o(.text)
    PVD_IRQHandler                           0x08000cc3   Thumb Code     0  startup_stm32f10x_hd.o(.text)
    RCC_IRQHandler                           0x08000cc3   Thumb Code     0  startup_stm32f10x_hd.o(.text)
    RTCAlarm_IRQHandler                      0x08000cc3   Thumb Code     0  startup_stm32f10x_hd.o(.text)
    RTC_IRQHandler                           0x08000cc3   Thumb Code     0  startup_stm32f10x_hd.o(.text)
    SDIO_IRQHandler                          0x08000cc3   Thumb Code     0  startup_stm32f10x_hd.o(.text)
    SPI1_IRQHandler                          0x08000cc3   Thumb Code     0  startup_stm32f10x_hd.o(.text)
    SPI2_IRQHandler                          0x08000cc3   Thumb Code     0  startup_stm32f10x_hd.o(.text)
    SPI3_IRQHandler                          0x08000cc3   Thumb Code     0  startup_stm32f10x_hd.o(.text)
    TAMPER_IRQHandler                        0x08000cc3   Thumb Code     0  startup_stm32f10x_hd.o(.text)
    TIM1_BRK_IRQHandler                      0x08000cc3   Thumb Code     0  startup_stm32f10x_hd.o(.text)
    TIM1_CC_IRQHandler                       0x08000cc3   Thumb Code     0  startup_stm32f10x_hd.o(.text)
    TIM1_TRG_COM_IRQHandler                  0x08000cc3   Thumb Code     0  startup_stm32f10x_hd.o(.text)
    TIM1_UP_IRQHandler                       0x08000cc3   Thumb Code     0  startup_stm32f10x_hd.o(.text)
    TIM2_IRQHandler                          0x08000cc3   Thumb Code     0  startup_stm32f10x_hd.o(.text)
    TIM3_IRQHandler                          0x08000cc3   Thumb Code     0  startup_stm32f10x_hd.o(.text)
    TIM4_IRQHandler                          0x08000cc3   Thumb Code     0  startup_stm32f10x_hd.o(.text)
    TIM5_IRQHandler                          0x08000cc3   Thumb Code     0  startup_stm32f10x_hd.o(.text)
    TIM6_IRQHandler                          0x08000cc3   Thumb Code     0  startup_stm32f10x_hd.o(.text)
    TIM7_IRQHandler                          0x08000cc3   Thumb Code     0  startup_stm32f10x_hd.o(.text)
    TIM8_BRK_IRQHandler                      0x08000cc3   Thumb Code     0  startup_stm32f10x_hd.o(.text)
    TIM8_CC_IRQHandler                       0x08000cc3   Thumb Code     0  startup_stm32f10x_hd.o(.text)
    TIM8_TRG_COM_IRQHandler                  0x08000cc3   Thumb Code     0  startup_stm32f10x_hd.o(.text)
    TIM8_UP_IRQHandler                       0x08000cc3   Thumb Code     0  startup_stm32f10x_hd.o(.text)
    UART4_IRQHandler                         0x08000cc3   Thumb Code     0  startup_stm32f10x_hd.o(.text)
    UART5_IRQHandler                         0x08000cc3   Thumb Code     0  startup_stm32f10x_hd.o(.text)
    USART2_IRQHandler                        0x08000cc3   Thumb Code     0  startup_stm32f10x_hd.o(.text)
    USART3_IRQHandler                        0x08000cc3   Thumb Code     0  startup_stm32f10x_hd.o(.text)
    USBWakeUp_IRQHandler                     0x08000cc3   Thumb Code     0  startup_stm32f10x_hd.o(.text)
    USB_HP_CAN1_TX_IRQHandler                0x08000cc3   Thumb Code     0  startup_stm32f10x_hd.o(.text)
    USB_LP_CAN1_RX0_IRQHandler               0x08000cc3   Thumb Code     0  startup_stm32f10x_hd.o(.text)
    WWDG_IRQHandler                          0x08000cc3   Thumb Code     0  startup_stm32f10x_hd.o(.text)
    GPIO_DeInit                              0x08000ccd   Thumb Code   172  stm32f10x_gpio.o(.text)
    GPIO_AFIODeInit                          0x08000d79   Thumb Code    20  stm32f10x_gpio.o(.text)
    GPIO_Init                                0x08000d8d   Thumb Code   278  stm32f10x_gpio.o(.text)
    GPIO_StructInit                          0x08000ea3   Thumb Code    16  stm32f10x_gpio.o(.text)
    GPIO_ReadInputDataBit                    0x08000eb3   Thumb Code    18  stm32f10x_gpio.o(.text)
    GPIO_ReadInputData                       0x08000ec5   Thumb Code     8  stm32f10x_gpio.o(.text)
    GPIO_ReadOutputDataBit                   0x08000ecd   Thumb Code    18  stm32f10x_gpio.o(.text)
    GPIO_ReadOutputData                      0x08000edf   Thumb Code     8  stm32f10x_gpio.o(.text)
    GPIO_SetBits                             0x08000ee7   Thumb Code     4  stm32f10x_gpio.o(.text)
    GPIO_ResetBits                           0x08000eeb   Thumb Code     4  stm32f10x_gpio.o(.text)
    GPIO_WriteBit                            0x08000eef   Thumb Code    10  stm32f10x_gpio.o(.text)
    GPIO_Write                               0x08000ef9   Thumb Code     4  stm32f10x_gpio.o(.text)
    GPIO_PinLockConfig                       0x08000efd   Thumb Code    18  stm32f10x_gpio.o(.text)
    GPIO_EventOutputConfig                   0x08000f0f   Thumb Code    26  stm32f10x_gpio.o(.text)
    GPIO_EventOutputCmd                      0x08000f29   Thumb Code     6  stm32f10x_gpio.o(.text)
    GPIO_PinRemapConfig                      0x08000f2f   Thumb Code   138  stm32f10x_gpio.o(.text)
    GPIO_EXTILineConfig                      0x08000fb9   Thumb Code    66  stm32f10x_gpio.o(.text)
    GPIO_ETH_MediaInterfaceConfig            0x08000ffb   Thumb Code     8  stm32f10x_gpio.o(.text)
    RCC_DeInit                               0x08001029   Thumb Code    64  stm32f10x_rcc.o(.text)
    RCC_HSEConfig                            0x08001069   Thumb Code    70  stm32f10x_rcc.o(.text)
    RCC_GetFlagStatus                        0x080010af   Thumb Code    56  stm32f10x_rcc.o(.text)
    RCC_WaitForHSEStartUp                    0x080010e7   Thumb Code    56  stm32f10x_rcc.o(.text)
    RCC_AdjustHSICalibrationValue            0x0800111f   Thumb Code    20  stm32f10x_rcc.o(.text)
    RCC_HSICmd                               0x08001133   Thumb Code     6  stm32f10x_rcc.o(.text)
    RCC_PLLConfig                            0x08001139   Thumb Code    24  stm32f10x_rcc.o(.text)
    RCC_PLLCmd                               0x08001151   Thumb Code     6  stm32f10x_rcc.o(.text)
    RCC_SYSCLKConfig                         0x08001157   Thumb Code    18  stm32f10x_rcc.o(.text)
    RCC_GetSYSCLKSource                      0x08001169   Thumb Code    10  stm32f10x_rcc.o(.text)
    RCC_HCLKConfig                           0x08001173   Thumb Code    18  stm32f10x_rcc.o(.text)
    RCC_PCLK1Config                          0x08001185   Thumb Code    18  stm32f10x_rcc.o(.text)
    RCC_PCLK2Config                          0x08001197   Thumb Code    20  stm32f10x_rcc.o(.text)
    RCC_ITConfig                             0x080011ab   Thumb Code    26  stm32f10x_rcc.o(.text)
    RCC_USBCLKConfig                         0x080011c5   Thumb Code     8  stm32f10x_rcc.o(.text)
    RCC_ADCCLKConfig                         0x080011cd   Thumb Code    18  stm32f10x_rcc.o(.text)
    RCC_LSEConfig                            0x080011df   Thumb Code    50  stm32f10x_rcc.o(.text)
    RCC_LSICmd                               0x08001211   Thumb Code     6  stm32f10x_rcc.o(.text)
    RCC_RTCCLKConfig                         0x08001217   Thumb Code    12  stm32f10x_rcc.o(.text)
    RCC_RTCCLKCmd                            0x08001223   Thumb Code     8  stm32f10x_rcc.o(.text)
    RCC_GetClocksFreq                        0x0800122b   Thumb Code   192  stm32f10x_rcc.o(.text)
    RCC_AHBPeriphClockCmd                    0x080012eb   Thumb Code    26  stm32f10x_rcc.o(.text)
    RCC_APB2PeriphClockCmd                   0x08001305   Thumb Code    26  stm32f10x_rcc.o(.text)
    RCC_APB1PeriphClockCmd                   0x0800131f   Thumb Code    26  stm32f10x_rcc.o(.text)
    RCC_APB2PeriphResetCmd                   0x08001339   Thumb Code    26  stm32f10x_rcc.o(.text)
    RCC_APB1PeriphResetCmd                   0x08001353   Thumb Code    26  stm32f10x_rcc.o(.text)
    RCC_BackupResetCmd                       0x0800136d   Thumb Code     8  stm32f10x_rcc.o(.text)
    RCC_ClockSecuritySystemCmd               0x08001375   Thumb Code     6  stm32f10x_rcc.o(.text)
    RCC_MCOConfig                            0x0800137b   Thumb Code     6  stm32f10x_rcc.o(.text)
    RCC_ClearFlag                            0x08001381   Thumb Code    14  stm32f10x_rcc.o(.text)
    RCC_GetITStatus                          0x0800138f   Thumb Code    20  stm32f10x_rcc.o(.text)
    RCC_ClearITPendingBit                    0x080013a3   Thumb Code     6  stm32f10x_rcc.o(.text)
    USART_DeInit                             0x080013cd   Thumb Code   134  stm32f10x_usart.o(.text)
    USART_Init                               0x08001453   Thumb Code   210  stm32f10x_usart.o(.text)
    USART_StructInit                         0x08001525   Thumb Code    24  stm32f10x_usart.o(.text)
    USART_ClockInit                          0x0800153d   Thumb Code    34  stm32f10x_usart.o(.text)
    USART_ClockStructInit                    0x0800155f   Thumb Code    12  stm32f10x_usart.o(.text)
    USART_Cmd                                0x0800156b   Thumb Code    24  stm32f10x_usart.o(.text)
    USART_ITConfig                           0x08001583   Thumb Code    74  stm32f10x_usart.o(.text)
    USART_DMACmd                             0x080015cd   Thumb Code    18  stm32f10x_usart.o(.text)
    USART_SetAddress                         0x080015df   Thumb Code    18  stm32f10x_usart.o(.text)
    USART_WakeUpConfig                       0x080015f1   Thumb Code    18  stm32f10x_usart.o(.text)
    USART_ReceiverWakeUpCmd                  0x08001603   Thumb Code    24  stm32f10x_usart.o(.text)
    USART_LINBreakDetectLengthConfig         0x0800161b   Thumb Code    18  stm32f10x_usart.o(.text)
    USART_LINCmd                             0x0800162d   Thumb Code    24  stm32f10x_usart.o(.text)
    USART_SendData                           0x08001645   Thumb Code     8  stm32f10x_usart.o(.text)
    USART_ReceiveData                        0x0800164d   Thumb Code    10  stm32f10x_usart.o(.text)
    USART_SendBreak                          0x08001657   Thumb Code    10  stm32f10x_usart.o(.text)
    USART_SetGuardTime                       0x08001661   Thumb Code    16  stm32f10x_usart.o(.text)
    USART_SetPrescaler                       0x08001671   Thumb Code    16  stm32f10x_usart.o(.text)
    USART_SmartCardCmd                       0x08001681   Thumb Code    24  stm32f10x_usart.o(.text)
    USART_SmartCardNACKCmd                   0x08001699   Thumb Code    24  stm32f10x_usart.o(.text)
    USART_HalfDuplexCmd                      0x080016b1   Thumb Code    24  stm32f10x_usart.o(.text)
    USART_OverSampling8Cmd                   0x080016c9   Thumb Code    22  stm32f10x_usart.o(.text)
    USART_OneBitMethodCmd                    0x080016df   Thumb Code    24  stm32f10x_usart.o(.text)
    USART_IrDAConfig                         0x080016f7   Thumb Code    18  stm32f10x_usart.o(.text)
    USART_IrDACmd                            0x08001709   Thumb Code    24  stm32f10x_usart.o(.text)
    USART_GetFlagStatus                      0x08001721   Thumb Code    26  stm32f10x_usart.o(.text)
    USART_ClearFlag                          0x0800173b   Thumb Code    18  stm32f10x_usart.o(.text)
    USART_GetITStatus                        0x0800174d   Thumb Code    84  stm32f10x_usart.o(.text)
    USART_ClearITPendingBit                  0x080017a1   Thumb Code    52  stm32f10x_usart.o(.text)
    __aeabi_memset                           0x080017d5   Thumb Code    14  memseta.o(.text)
    __aeabi_memset4                          0x080017d5   Thumb Code     0  memseta.o(.text)
    __aeabi_memset8                          0x080017d5   Thumb Code     0  memseta.o(.text)
    __aeabi_memclr                           0x080017e3   Thumb Code     4  memseta.o(.text)
    __aeabi_memclr4                          0x080017e3   Thumb Code     0  memseta.o(.text)
    __aeabi_memclr8                          0x080017e3   Thumb Code     0  memseta.o(.text)
    _memset$wrapper                          0x080017e7   Thumb Code    18  memseta.o(.text)
    strstr                                   0x080017f9   Thumb Code    36  strstr.o(.text)
    strlen                                   0x0800181d   Thumb Code    14  strlen.o(.text)
    strcpy                                   0x0800182b   Thumb Code    18  strcpy.o(.text)
    __scatterload                            0x0800183d   Thumb Code    28  init.o(.text)
    __scatterload_rt2                        0x0800183d   Thumb Code     0  init.o(.text)
    __scatterload_copy                       0x08001861   Thumb Code    14  handlers.o(i.__scatterload_copy)
    __scatterload_null                       0x0800186f   Thumb Code     2  handlers.o(i.__scatterload_null)
    __scatterload_zeroinit                   0x08001871   Thumb Code    14  handlers.o(i.__scatterload_zeroinit)
    Region$$Table$$Base                      0x080018d4   Number         0  anon$$obj.o(Region$$Table)
    Region$$Table$$Limit                     0x080018f4   Number         0  anon$$obj.o(Region$$Table)
    msCnt                                    0x20000000   Data           2  main.o(.data)
    SystemCoreClock                          0x20000004   Data           4  system_stm32f10x.o(.data)
    AHBPrescTable                            0x20000008   Data          16  system_stm32f10x.o(.data)
    sysClk                                   0x2000001c   Data           4  delay.o(.data)
    idleTime                                 0x20000020   Data           1  8266.o(.data)
    timeOut                                  0x20000024   Data           4  8266.o(.data)
    rxPtr                                    0x20000028   Data           1  8266.o(.data)
    rxBuf                                    0x20000040   Data         200  8266.o(.bss)
    __initial_sp                             0x20000508   Data           0  startup_stm32f10x_hd.o(STACK)



==============================================================================

Memory Map of the image

  Image Entry point : 0x08000131

  Load Region LR_IROM1 (Base: 0x08000000, Size: 0x00001934, Max: 0x00020000, ABSOLUTE)

    Execution Region ER_IROM1 (Base: 0x08000000, Size: 0x000018f4, Max: 0x00020000, ABSOLUTE)

    Base Addr    Size         Type   Attr      Idx    E Section Name        Object

    0x08000000   0x00000130   Data   RO          171    RESET               startup_stm32f10x_hd.o
    0x08000130   0x00000000   Code   RO          215  * .ARM.Collect$$$$00000000  mc_w.l(entry.o)
    0x08000130   0x00000004   Code   RO          226    .ARM.Collect$$$$00000001  mc_w.l(entry2.o)
    0x08000134   0x00000004   Code   RO          229    .ARM.Collect$$$$00000004  mc_w.l(entry5.o)
    0x08000138   0x00000000   Code   RO          231    .ARM.Collect$$$$00000008  mc_w.l(entry7b.o)
    0x08000138   0x00000000   Code   RO          233    .ARM.Collect$$$$0000000A  mc_w.l(entry8b.o)
    0x08000138   0x00000008   Code   RO          234    .ARM.Collect$$$$0000000B  mc_w.l(entry9a.o)
    0x08000140   0x00000000   Code   RO          236    .ARM.Collect$$$$0000000D  mc_w.l(entry10a.o)
    0x08000140   0x00000000   Code   RO          238    .ARM.Collect$$$$0000000F  mc_w.l(entry11a.o)
    0x08000140   0x00000004   Code   RO          227    .ARM.Collect$$$$00002712  mc_w.l(entry2.o)
    0x08000144   0x00000048   Code   RO            1    .text               main.o
    0x0800018c   0x00000038   Code   RO           58    .text               stm32f10x_it.o
    0x080001c4   0x000001e0   Code   RO           74    .text               system_stm32f10x.o
    0x080003a4   0x00000108   Code   RO           92    .text               delay.o
    0x080004ac   0x000000b0   Code   RO          111    .text               gpio.o
    0x0800055c   0x00000138   Code   RO          123    .text               uart.o
    0x08000694   0x00000538   Code   RO          136    .text               8266.o
    0x08000bcc   0x000000dc   Code   RO          157    .text               misc.o
    0x08000ca8   0x00000024   Code   RO          172    .text               startup_stm32f10x_hd.o
    0x08000ccc   0x0000035c   Code   RO          177    .text               stm32f10x_gpio.o
    0x08001028   0x000003a4   Code   RO          189    .text               stm32f10x_rcc.o
    0x080013cc   0x00000408   Code   RO          203    .text               stm32f10x_usart.o
    0x080017d4   0x00000024   Code   RO          218    .text               mc_w.l(memseta.o)
    0x080017f8   0x00000024   Code   RO          220    .text               mc_w.l(strstr.o)
    0x0800181c   0x0000000e   Code   RO          222    .text               mc_w.l(strlen.o)
    0x0800182a   0x00000012   Code   RO          224    .text               mc_w.l(strcpy.o)
    0x0800183c   0x00000024   Code   RO          240    .text               mc_w.l(init.o)
    0x08001860   0x0000000e   Code   RO          244    i.__scatterload_copy  mc_w.l(handlers.o)
    0x0800186e   0x00000002   Code   RO          245    i.__scatterload_null  mc_w.l(handlers.o)
    0x08001870   0x0000000e   Code   RO          246    i.__scatterload_zeroinit  mc_w.l(handlers.o)
    0x0800187e   0x00000002   PAD
    0x08001880   0x00000052   Data   RO          138    .conststring        8266.o
    0x080018d2   0x00000002   PAD
    0x080018d4   0x00000020   Data   RO          242    Region$$Table       anon$$obj.o


    Execution Region RW_IRAM1 (Base: 0x20000000, Size: 0x00000508, Max: 0x00005000, ABSOLUTE)

    Base Addr    Size         Type   Attr      Idx    E Section Name        Object

    0x20000000   0x00000002   Data   RW            2    .data               main.o
    0x20000002   0x00000002   PAD
    0x20000004   0x00000014   Data   RW           75    .data               system_stm32f10x.o
    0x20000018   0x00000008   Data   RW           93    .data               delay.o
    0x20000020   0x0000000b   Data   RW          139    .data               8266.o
    0x2000002b   0x00000014   Data   RW          190    .data               stm32f10x_rcc.o
    0x2000003f   0x00000001   PAD
    0x20000040   0x000000c8   Zero   RW          137    .bss                8266.o
    0x20000108   0x00000400   Zero   RW          169    STACK               startup_stm32f10x_hd.o


==============================================================================

Image component sizes


      Code (inc. data)   RO Data    RW Data    ZI Data      Debug   Object Name

      1336        416         82         11        200       3145   8266.o
       264         26          0          8          0      16475   delay.o
       176         12          0          0          0        619   gpio.o
        72          8          0          2          0     233138   main.o
       220         22          0          0          0       1741   misc.o
        36          8        304          0       1024        828   startup_stm32f10x_hd.o
       860         38          0          0          0       5585   stm32f10x_gpio.o
        56         10          0          0          0       1234   stm32f10x_it.o
       932         36          0         20          0       8728   stm32f10x_rcc.o
      1032         22          0          0          0       8312   stm32f10x_usart.o
       480         38          0         20          0       1695   system_stm32f10x.o
       312         16          0          0          0       1132   uart.o

    ----------------------------------------------------------------------
      5776        652        420         64       1224     282632   Object Totals
         0          0         32          0          0          0   (incl. Generated)
         0          0          2          3          0          0   (incl. Padding)

    ----------------------------------------------------------------------

      Code (inc. data)   RO Data    RW Data    ZI Data      Debug   Library Member Name

         0          0          0          0          0          0   entry.o
         0          0          0          0          0          0   entry10a.o
         0          0          0          0          0          0   entry11a.o
         8          4          0          0          0          0   entry2.o
         4          0          0          0          0          0   entry5.o
         0          0          0          0          0          0   entry7b.o
         0          0          0          0          0          0   entry8b.o
         8          4          0          0          0          0   entry9a.o
        30          0          0          0          0          0   handlers.o
        36          8          0          0          0         68   init.o
        36          0          0          0          0        108   memseta.o
        18          0          0          0          0         68   strcpy.o
        14          0          0          0          0         68   strlen.o
        36          0          0          0          0         80   strstr.o

    ----------------------------------------------------------------------
       192         16          0          0          0        392   Library Totals
         2          0          0          0          0          0   (incl. Padding)

    ----------------------------------------------------------------------

      Code (inc. data)   RO Data    RW Data    ZI Data      Debug   Library Name

       190         16          0          0          0        392   mc_w.l

    ----------------------------------------------------------------------
       192         16          0          0          0        392   Library Totals

    ----------------------------------------------------------------------

==============================================================================


      Code (inc. data)   RO Data    RW Data    ZI Data      Debug   

      5968        668        420         64       1224     282084   Grand Totals
      5968        668        420         64       1224     282084   ELF Image Totals
      5968        668        420         64          0          0   ROM Totals

==============================================================================

    Total RO  Size (Code + RO Data)                 6388 (   6.24kB)
    Total RW  Size (RW Data + ZI Data)              1288 (   1.26kB)
    Total ROM Size (Code + RO Data + RW Data)       6452 (   6.30kB)

==============================================================================

